| 8 | `graph` is allocated here |
| 16 | `graph` is freed here |
| 21 | `graph` is allocated here |
| 32 | `graph` is freed here |
| 34 | `graph` is freed here |
